---
source: external-crates/move/crates/move-transactional-test-runner/src/framework.rs
assertion_line: 915
---
processed 5 tasks

init:
A: object(0,0)

task 1, lines 8-21:
//# publish --sender A
created: object(1,0), object(1,1), object(1,2)
mutated: object(0,0)
gas summary: computation_cost: 1000000, storage_cost: 10617200,  storage_rebate: 0, non_refundable_storage_fee: 0

task 2, lines 23-25:
//# programmable --sender A --inputs object(1,2) 18446744073709551615 @A
//> 0: sui::coin::mint<test::fake::FAKE>(Input(0), Input(1));
//> TransferObjects([Result(0)], Input(2))
Error: Transaction Effects Status: Invalid command argument at 0. The type of the value does not match the expected type
Execution Error: ExecutionError: ExecutionError { inner: ExecutionErrorInner { kind: CommandArgumentError { arg_idx: 0, kind: TypeMismatch }, source: None, command: Some(0) } }

task 3, lines 27-29:
//# programmable --sender A --inputs object(1,2) 1 @A
//> 0: sui::coin::mint<test::fake::FAKE>(Input(0), Input(1));
//> TransferObjects([Result(0)], Input(2))
Error: Transaction Effects Status: Invalid command argument at 0. The type of the value does not match the expected type
Execution Error: ExecutionError: ExecutionError { inner: ExecutionErrorInner { kind: CommandArgumentError { arg_idx: 0, kind: TypeMismatch }, source: None, command: Some(0) } }

task 4, lines 31-32:
//# programmable --sender A --inputs object(2,0)
//> MergeCoins(Input(0), [Input(0)]);
Error: INVALID TEST. Unknown object, object(2,0)
