---
source: external-crates/move/crates/move-transactional-test-runner/src/framework.rs
assertion_line: 915
---
processed 4 tasks

init:
A: object(0,0)

task 1, lines 10-51:
//# publish
created: object(1,0)
mutated: object(0,1)
gas summary: computation_cost: 1000000, storage_cost: 9150400,  storage_rebate: 0, non_refundable_storage_fee: 0

task 2, line 53:
//# run a::m::setup --sender A
created: object(2,0), object(2,1), object(2,2)
mutated: object(0,0)
gas summary: computation_cost: 1000000, storage_cost: 4681600,  storage_rebate: 0, non_refundable_storage_fee: 0

task 3, line 55:
//# run a::m::claim_and_receive_nested --sender A --args object(2,2) receiving(2,1) receiving(2,0)
Error: Error checking transaction input objects: Transaction was not signed by the correct sender: Object object(2,2) is owned by account address 0x383c6e17c6aeb6a31ee293d2e61208004740460f7baf044eddeddcd29cadb7e4, but given owner/signer address is @A
