---
source: external-crates/move/crates/move-transactional-test-runner/src/framework.rs
assertion_line: 915
---
processed 11 tasks

init:
A: object(0,0)

task 1, lines 12-88:
//# publish
created: object(1,0)
mutated: object(0,1)
gas summary: computation_cost: 1000000, storage_cost: 12068800,  storage_rebate: 0, non_refundable_storage_fee: 0

task 2, line 90:
//# run test::m1::create --sender A
created: object(2,0), object(2,1), object(2,2), object(2,3), object(2,4), object(2,5), object(2,6), object(2,7), object(2,8), object(2,9)
mutated: object(0,0)
gas summary: computation_cost: 1000000, storage_cost: 19866400,  storage_rebate: 0, non_refundable_storage_fee: 0

task 3, line 92:
//# view-object 2,8
Owner: Object ID: ( _ )
Version: 2
Contents: sui::dynamic_field::Field<vector<u8>, test::m1::Value> {
    id: sui::object::UID {
        id: sui::object::ID {
            bytes: fake(2,8),
        },
    },
    name: vector[
        118u8,
        97u8,
        108u8,
        117u8,
        101u8,
    ],
    value: test::m1::Value {
        data: vector[
            252u8,
            204u8,
            154u8,
            66u8,
            27u8,
            187u8,
            19u8,
            193u8,
            166u8,
            106u8,
            26u8,
            169u8,
            143u8,
            10u8,
            215u8,
            80u8,
            41u8,
            237u8,
            233u8,
            72u8,
            87u8,
            119u8,
            156u8,
            105u8,
            21u8,
            180u8,
            79u8,
            148u8,
            6u8,
            139u8,
            146u8,
            30u8,
        ],
    },
}

task 4, lines 94-96:
//# view-object 2,9
Owner: Object ID: ( _ )
Version: 2
Contents: sui::dynamic_field::Field<vector<u8>, test::m1::Value> {
    id: sui::object::UID {
        id: sui::object::ID {
            bytes: fake(2,9),
        },
    },
    name: vector[
        118u8,
        97u8,
        108u8,
        117u8,
        101u8,
    ],
    value: test::m1::Value {
        data: vector[
            252u8,
            204u8,
            154u8,
            66u8,
            27u8,
            187u8,
            19u8,
            193u8,
            166u8,
            106u8,
            26u8,
            169u8,
            143u8,
            10u8,
            215u8,
            80u8,
            41u8,
            237u8,
            233u8,
            72u8,
            87u8,
            119u8,
            156u8,
            105u8,
            21u8,
            180u8,
            79u8,
            148u8,
            6u8,
            139u8,
            146u8,
            30u8,
        ],
    },
}

task 5, line 98:
//# run test::m1::borrow_mut --sender A --args object(2,8)
Error: Error checking transaction input objects: Object object(2,8) is owned by object 0xfe7113bb6c1bc5307aa73340b009156094a5deef84a2136d8a0098fbe0e68357. Objects owned by other objects cannot be used as input arguments

task 6, line 100:
//# run test::m1::borrow_mut --sender A --args object(2,9)
Error: Error checking transaction input objects: Object object(2,9) is owned by object 0xda3958d0afff5393e05ef064982d82e5a7a75e24620d8190a3ba53bf29770ed5. Objects owned by other objects cannot be used as input arguments

task 7, line 102:
//# run test::m1::add_remove --sender A --args object(2,8)
Error: Error checking transaction input objects: Object object(2,8) is owned by object 0xfe7113bb6c1bc5307aa73340b009156094a5deef84a2136d8a0098fbe0e68357. Objects owned by other objects cannot be used as input arguments

task 8, line 104:
//# run test::m1::add_remove --sender A --args object(2,9)
Error: Error checking transaction input objects: Object object(2,9) is owned by object 0xda3958d0afff5393e05ef064982d82e5a7a75e24620d8190a3ba53bf29770ed5. Objects owned by other objects cannot be used as input arguments

task 9, line 106:
//# run test::m1::write_back --sender A --args object(2,8)
Error: Error checking transaction input objects: Object object(2,8) is owned by object 0xfe7113bb6c1bc5307aa73340b009156094a5deef84a2136d8a0098fbe0e68357. Objects owned by other objects cannot be used as input arguments

task 10, line 108:
//# run test::m1::write_back --sender A --args object(2,9)
Error: Error checking transaction input objects: Object object(2,9) is owned by object 0xda3958d0afff5393e05ef064982d82e5a7a75e24620d8190a3ba53bf29770ed5. Objects owned by other objects cannot be used as input arguments
