---
source: external-crates/move/crates/move-transactional-test-runner/src/framework.rs
assertion_line: 915
---
processed 14 tasks

init:
A: object(0,0)

task 1, lines 8-117:
//# publish
created: object(1,0)
mutated: object(0,1)
gas summary: computation_cost: 1000000, storage_cost: 12205600,  storage_rebate: 0, non_refundable_storage_fee: 0

task 2, lines 119-121:
//# programmable --sender A --inputs @A
//> 0: test::m::new();
//> TransferObjects([Result(0)], Input(0))
created: object(2,0), object(2,1), object(2,2), object(2,3), object(2,4), object(2,5), object(2,6), object(2,7), object(2,8)
mutated: object(0,0)
gas summary: computation_cost: 1000000, storage_cost: 15640800,  storage_rebate: 0, non_refundable_storage_fee: 0

task 3, line 123:
//# view-object 2,8
Owner: Object ID: ( _ )
Version: 2
Contents: sui::dynamic_field::Field<u64, u64> {
    id: sui::object::UID {
        id: sui::object::ID {
            bytes: fake(2,8),
        },
    },
    name: 0u64,
    value: 0u64,
}

task 4, lines 125-126:
//# programmable --sender A --inputs object(2,8) 112
//> test::m::set(Input(0), Input(1))
Error: Error checking transaction input objects: Object object(2,8) is owned by object 0x9537e542105f7b2284454b59d3cc342bd44bd870c666346159eae8262bbc61c3. Objects owned by other objects cannot be used as input arguments

task 5, line 128:
//# view-object 2,8
Owner: Object ID: ( _ )
Version: 2
Contents: sui::dynamic_field::Field<u64, u64> {
    id: sui::object::UID {
        id: sui::object::ID {
            bytes: fake(2,8),
        },
    },
    name: 0u64,
    value: 0u64,
}

task 6, lines 130-131:
//# programmable --sender A --inputs object(2,8) 112
//> test::m::remove(Input(0))
Error: Error checking transaction input objects: Object object(2,8) is owned by object 0x9537e542105f7b2284454b59d3cc342bd44bd870c666346159eae8262bbc61c3. Objects owned by other objects cannot be used as input arguments

task 7, lines 133-136:
//# view-object 2,8
Owner: Object ID: ( _ )
Version: 2
Contents: sui::dynamic_field::Field<u64, u64> {
    id: sui::object::UID {
        id: sui::object::ID {
            bytes: fake(2,8),
        },
    },
    name: 0u64,
    value: 0u64,
}

task 8, lines 138-139:
//# programmable --sender A --inputs object(2,8)@2 vector[0] --dev-inspect
//> test::m::check(Input(0), Input(1))
Error: Transaction Effects Status: CommandArgumentError { arg_idx: 0, kind: TypeMismatch } in command 0
Execution Error: CommandArgumentError { arg_idx: 0, kind: TypeMismatch } in command 0

task 9, lines 141-142:
//# programmable --sender A --inputs object(2,8)@3 vector[112] --dev-inspect
//> test::m::check(Input(0), Input(1))
Error: INVALID TEST. Could not load object argument object(2,8)

task 10, lines 144-148:
//# programmable --sender A --inputs object(2,8)@4 vector[] --dev-inspect
//> test::m::check(Input(0), Input(1))
// dev-inspect with 'check' and _incorrect_ values
Error: INVALID TEST. Could not load object argument object(2,8)

task 11, lines 150-151:
//# programmable --sender A --inputs object(2,8)@3 vector[0] --dev-inspect
//> test::m::check(Input(0), Input(1))
Error: INVALID TEST. Could not load object argument object(2,8)

task 12, lines 153-154:
//# programmable --sender A --inputs object(2,8)@4 vector[112] --dev-inspect
//> test::m::check(Input(0), Input(1))
Error: INVALID TEST. Could not load object argument object(2,8)

task 13, lines 156-157:
//# programmable --sender A --inputs object(2,8)@2 vector[] --dev-inspect
//> test::m::check(Input(0), Input(1))
Error: Transaction Effects Status: CommandArgumentError { arg_idx: 0, kind: TypeMismatch } in command 0
Execution Error: CommandArgumentError { arg_idx: 0, kind: TypeMismatch } in command 0
